2026-03-23T09:15:56:    ▲ Next.js 15.5.0
2026-03-23T09:15:56:    - Local:        http://localhost:4000
2026-03-23T09:15:56:    - Network:      http://192.168.0.113:4000
2026-03-23T09:15:56: 
2026-03-23T09:15:56:  ✓ Starting...
2026-03-23T09:15:57:  ✓ Ready in 761ms
2026-03-23T10:13:55:    ▲ Next.js 15.5.0
2026-03-23T10:13:55:    - Local:        http://localhost:4000
2026-03-23T10:13:55:    - Network:      http://192.168.0.113:4000
2026-03-23T10:13:55: 
2026-03-23T10:13:55:  ✓ Starting...
2026-03-23T10:13:56:  ✓ Ready in 723ms
2026-03-23T15:41:05:    ▲ Next.js 15.5.0
2026-03-23T15:41:05:    - Local:        http://localhost:4000
2026-03-23T15:41:05:    - Network:      http://192.168.0.113:4000
2026-03-23T15:41:05: 
2026-03-23T15:41:05:  ✓ Starting...
2026-03-23T15:41:06:  ✓ Ready in 763ms
2026-03-23T15:46:02:    ▲ Next.js 15.5.0
2026-03-23T15:46:02:    - Local:        http://localhost:4000
2026-03-23T15:46:02:    - Network:      http://192.168.0.113:4000
2026-03-23T15:46:02: 
2026-03-23T15:46:02:  ✓ Starting...
2026-03-23T15:46:03:  ✓ Ready in 702ms
2026-03-23T15:56:03:    ▲ Next.js 15.5.0
2026-03-23T15:56:03:    - Local:        http://localhost:4000
2026-03-23T15:56:03:    - Network:      http://192.168.0.113:4000
2026-03-23T15:56:03: 
2026-03-23T15:56:03:  ✓ Starting...
2026-03-23T15:56:04:  ✓ Ready in 705ms
2026-03-23T15:56:16: CREDITS OCTROYES Liste des crédits octroyés 1 https://expera-jperserver.fidra.ci/jasperserver/flow.html?_flowId=viewReportFlow&_flowId=viewReportFlow&ParentFolderUri=%2FFidraAppReports%2FReports%2FCredits&reportUnit=%2FFidraAppReports%2FReports%2FCredits%2FLISTE_DES_CREDITS_OCTROYES&standAlone=true undefined
2026-03-23T15:58:35:    ▲ Next.js 15.5.0
2026-03-23T15:58:35:    - Local:        http://localhost:4000
2026-03-23T15:58:35:    - Network:      http://192.168.0.113:4000
2026-03-23T15:58:35: 
2026-03-23T15:58:35:  ✓ Starting...
2026-03-23T15:58:35:  ✓ Ready in 695ms
2026-03-23T16:05:26:    ▲ Next.js 15.5.0
2026-03-23T16:05:26:    - Local:        http://localhost:4000
2026-03-23T16:05:26:    - Network:      http://192.168.0.113:4000
2026-03-23T16:05:26: 
2026-03-23T16:05:26:  ✓ Starting...
2026-03-23T16:05:27:  ✓ Ready in 685ms
